[Sat Jun 27 01:03:03 2026] PHP 8.3.6 Development Server (http://localhost:8080) started
[Sat Jun 27 01:03:06 2026] [::1]:56980 Accepted
[Sat Jun 27 01:03:06 2026] [::1]:56980 [200]: GET /
[Sat Jun 27 01:03:06 2026] [::1]:56980 Closing
[Sat Jun 27 01:03:06 2026] [::1]:56996 Accepted
[Sat Jun 27 01:03:06 2026] [::1]:56996 [200]: GET /assets/front/css/normalize.css
[Sat Jun 27 01:03:06 2026] [::1]:56996 Closing
[Sat Jun 27 01:03:06 2026] [::1]:57000 Accepted
[Sat Jun 27 01:03:06 2026] [::1]:57012 Accepted
[Sat Jun 27 01:03:06 2026] [::1]:57000 [200]: GET /assets/front/css/mainar.css
[Sat Jun 27 01:03:06 2026] [::1]:57012 [200]: GET /assets/front/js/vendor/jquery-1.12.0.min.js
[Sat Jun 27 01:03:06 2026] [::1]:57000 Closing
[Sat Jun 27 01:03:06 2026] [::1]:57012 Closing
[Sat Jun 27 01:03:06 2026] [::1]:57016 Accepted
[Sat Jun 27 01:03:06 2026] [::1]:57016 [200]: GET /assets/front/css/fonts/NeoSansArabic.woff
[Sat Jun 27 01:03:06 2026] [::1]:57016 Closing
[Sat Jun 27 01:03:07 2026] [::1]:57024 Accepted
[Sat Jun 27 01:03:07 2026] [::1]:57024 [302]: GET /admin/
[Sat Jun 27 01:03:07 2026] [::1]:57024 Closing
[Sat Jun 27 01:03:07 2026] [::1]:57028 Accepted
[Sat Jun 27 01:03:07 2026] [::1]:57028 [200]: GET /admin/auth/login
[Sat Jun 27 01:03:07 2026] [::1]:57028 Closing
[Sat Jun 27 01:03:07 2026] [::1]:57040 Accepted
[Sat Jun 27 01:03:07 2026] [::1]:57040 [200]: GET /assets/admin/css/normalize.css
[Sat Jun 27 01:03:07 2026] [::1]:57046 Accepted
[Sat Jun 27 01:03:07 2026] [::1]:57040 Closing
[Sat Jun 27 01:03:07 2026] [::1]:57054 Accepted
[Sat Jun 27 01:03:07 2026] [::1]:57070 Accepted
[Sat Jun 27 01:03:07 2026] [::1]:57084 Accepted
[Sat Jun 27 01:03:07 2026] [::1]:57090 Accepted
[Sat Jun 27 01:03:07 2026] [::1]:57046 [200]: GET /assets/admin/css/fawsome.min.css
[Sat Jun 27 01:03:07 2026] [::1]:57046 Closing
[Sat Jun 27 01:03:07 2026] [::1]:57054 [200]: GET /assets/admin/css/googleicons.css
[Sat Jun 27 01:03:07 2026] [::1]:57054 Closing
[Sat Jun 27 01:03:07 2026] [::1]:57070 [200]: GET /assets/admin/css/mainar.css
[Sat Jun 27 01:03:07 2026] [::1]:57070 Closing
[Sat Jun 27 01:03:07 2026] [::1]:57092 Accepted
[Sat Jun 27 01:03:07 2026] [::1]:57084 [200]: GET /assets/admin/js/vendor/modernizr-2.8.3.min.js
[Sat Jun 27 01:03:07 2026] [::1]:57090 [200]: GET /assets/admin/img/login-icon.png
[Sat Jun 27 01:03:07 2026] [::1]:57092 [200]: GET /assets/admin/js/vendor/jquery-1.12.0.min.js
[Sat Jun 27 01:03:07 2026] [::1]:57084 Closing
[Sat Jun 27 01:03:07 2026] [::1]:57090 Closing
[Sat Jun 27 01:03:07 2026] [::1]:57092 Closing
[Sat Jun 27 01:03:07 2026] [::1]:57096 Accepted
[Sat Jun 27 01:03:07 2026] [::1]:57096 [200]: GET /assets/admin/js/helper.js
[Sat Jun 27 01:03:07 2026] [::1]:57096 Closing
[Sat Jun 27 01:03:07 2026] [::1]:57108 Accepted
[Sat Jun 27 01:03:07 2026] [::1]:57108 [200]: GET /assets/admin/css/fonts/NeoSansArabic.woff
[Sat Jun 27 01:03:07 2026] [::1]:57108 Closing
[Sat Jun 27 01:03:07 2026] [::1]:57114 Accepted
[Sat Jun 27 01:03:07 2026] [::1]:57120 Accepted
[Sat Jun 27 01:03:07 2026] [::1]:57114 [200]: GET /assets/admin/js/datatablesar.js
[Sat Jun 27 01:03:07 2026] [::1]:57120 [200]: GET /assets/admin/js/main.js
[Sat Jun 27 01:03:07 2026] [::1]:57120 Closing
[Sat Jun 27 01:03:07 2026] [::1]:57114 Closing
[Sat Jun 27 01:03:07 2026] [::1]:57136 Accepted
[Sat Jun 27 01:03:07 2026] [::1]:57136 [404]: GET /img/usericon.png - No such file or directory
[Sat Jun 27 01:03:07 2026] [::1]:57136 Closing
[Sat Jun 27 01:03:07 2026] [::1]:57146 Accepted
[Sat Jun 27 01:03:07 2026] [::1]:57146 [404]: GET /img/passwordicon.png - No such file or directory
[Sat Jun 27 01:03:07 2026] [::1]:57146 Closing
[Sat Jun 27 01:03:07 2026] [::1]:57152 Accepted
[Sat Jun 27 01:03:07 2026] [::1]:57152 [200]: GET /assets/admin/css/fonts/7668f634eb4865a48f04d52ea3fb9b27.woff2
[Sat Jun 27 01:03:07 2026] [::1]:57152 Closing
[Sat Jun 27 01:03:08 2026] [::1]:57156 Accepted
[Sat Jun 27 01:03:08 2026] [::1]:57156 [200]: GET /does-not-exist
[Sat Jun 27 01:03:08 2026] [::1]:57156 Closing
[Sat Jun 27 01:03:08 2026] [::1]:57164 Accepted
[Sat Jun 27 01:03:08 2026] [::1]:57166 Accepted
[Sat Jun 27 01:03:08 2026] [::1]:57164 [200]: GET /assets/front/css/normalize.css
[Sat Jun 27 01:03:08 2026] [::1]:57174 Accepted
[Sat Jun 27 01:03:08 2026] [::1]:57166 [200]: GET /assets/front/css/mainar.css
[Sat Jun 27 01:03:08 2026] [::1]:57174 [200]: GET /assets/front/js/vendor/jquery-1.12.0.min.js
[Sat Jun 27 01:03:08 2026] [::1]:57164 Closing
[Sat Jun 27 01:03:08 2026] [::1]:57166 Closing
[Sat Jun 27 01:03:08 2026] [::1]:57174 Closing
[Sat Jun 27 01:03:08 2026] [::1]:57184 Accepted
[Sat Jun 27 01:03:08 2026] [::1]:57184 [200]: GET /assets/front/css/fonts/NeoSansArabic.woff
[Sat Jun 27 01:03:08 2026] [::1]:57184 Closing
